\BOOKMARK [0][-]{chapter.1}{\376\377\000W\000p\000r\000o\000w\000a\000d\000z\000e\000n\000i\000e}{}% 1
\BOOKMARK [0][-]{chapter.2}{\376\377\000O\000p\000i\000s\000\040\000z\000a\001\102\000o\001\174\000e\001\104\000\040\000p\000r\000o\000j\000e\000k\000t\000u}{}% 2
\BOOKMARK [1][-]{section.2.1}{\376\377\000C\000e\000l\000\040\000p\000r\000o\000j\000e\000k\000t\000u}{chapter.2}% 3
\BOOKMARK [2][-]{subsection.2.1.1}{\376\377\000A\000n\000a\000l\000i\000z\000a\000\040\000p\000r\000o\000b\000l\000e\000m\000u}{section.2.1}% 4
\BOOKMARK [2][-]{subsection.2.1.2}{\376\377\000P\000l\000a\000n\000\040\000r\000e\000a\000l\000i\000z\000a\000c\000j\000i\000\040\000p\000r\000o\000j\000e\000k\000t\000u}{section.2.1}% 5
\BOOKMARK [1][-]{section.2.2}{\376\377\000W\000y\000m\000a\000g\000a\000n\000i\000a\000\040\000f\000u\000n\000k\000c\000j\000o\000n\000a\000l\000n\000e}{chapter.2}% 6
\BOOKMARK [2][-]{subsection.2.2.1}{\376\377\000L\000o\000g\000o\000w\000a\000n\000i\000e\000\040\000d\000o\000\040\000s\000y\000s\000t\000e\000m\000u}{section.2.2}% 7
\BOOKMARK [2][-]{subsection.2.2.2}{\376\377\000F\000u\000n\000k\000c\000j\000o\000n\000a\000l\000n\000o\001\133\001\007\000\040\000d\000l\000a\000\040\000r\000o\000l\000i\000\040\000a\000d\000m\000i\000n\000i\000s\000t\000r\000a\000t\000o\000r\000\040\000i\000\040\000m\000e\000n\000a\000d\001\174\000e\000r}{section.2.2}% 8
\BOOKMARK [2][-]{subsection.2.2.3}{\376\377\000F\000u\000n\000k\000c\000j\000o\000n\000a\000l\000n\000o\001\133\001\007\000\040\000d\000l\000a\000\040\000r\000o\000l\000i\000\040\000m\000e\000c\000h\000a\000n\000i\000k}{section.2.2}% 9
\BOOKMARK [2][-]{subsection.2.2.4}{\376\377\000F\000u\000n\000k\000c\000j\000o\000n\000a\000l\000n\000o\001\133\001\007\000\040\000d\000l\000a\000\040\000r\000o\000l\000i\000\040\000r\000e\000c\000e\000p\000c\000j\000o\000n\000i\000s\000t\000a}{section.2.2}% 10
\BOOKMARK [2][-]{subsection.2.2.5}{\376\377\000F\000u\000n\000k\000c\000j\000o\000n\000a\000l\000n\000o\001\133\001\007\000\040\000d\000l\000a\000\040\000r\000o\000l\000i\000\040\000m\000a\000g\000a\000z\000y\000n\000i\000e\000r}{section.2.2}% 11
\BOOKMARK [2][-]{subsection.2.2.6}{\376\377\000P\000o\000r\000\363\000w\000n\000a\000n\000i\000e\000\040\000r\000\363\000l\000\040\000u\001\174\000y\000t\000k\000o\000w\000n\000i\000k\000\363\000w\000\040\000i\000\040\000i\000c\000h\000\040\000u\000p\000r\000a\000w\000n\000i\000e\001\104}{section.2.2}% 12
\BOOKMARK [1][-]{section.2.3}{\376\377\000W\000y\000m\000a\000g\000a\000n\000i\000a\000\040\000n\000i\000e\000f\000u\000n\000k\000c\000j\000o\000n\000a\000l\000n\000e}{chapter.2}% 13
\BOOKMARK [2][-]{subsection.2.3.1}{\376\377\001\132\000r\000o\000d\000o\000w\000i\000s\000k\000o\000\040\000t\000e\000s\000t\000o\000w\000e}{section.2.3}% 14
\BOOKMARK [2][-]{subsection.2.3.2}{\376\377\000W\000y\000d\000a\000j\000n\000o\001\133\001\007}{section.2.3}% 15
\BOOKMARK [2][-]{subsection.2.3.3}{\376\377\000B\000e\000z\000p\000i\000e\000c\000z\000e\001\104\000s\000t\000w\000o}{section.2.3}% 16
\BOOKMARK [2][-]{subsection.2.3.4}{\376\377\000U\001\174\000y\000t\000e\000c\000z\000n\000o\001\133\001\007}{section.2.3}% 17
\BOOKMARK [2][-]{subsection.2.3.5}{\376\377\000S\000k\000a\000l\000o\000w\000a\000l\000n\000o\001\133\001\007}{section.2.3}% 18
\BOOKMARK [2][-]{subsection.2.3.6}{\376\377\000I\000n\000t\000e\000g\000r\000a\000l\000n\000o\001\133\001\007\000\040\000d\000a\000n\000y\000c\000h}{section.2.3}% 19
\BOOKMARK [0][-]{chapter.3}{\376\377\000O\000p\000i\000s\000\040\000s\000t\000r\000u\000k\000t\000u\000r\000y\000\040\000p\000r\000o\000j\000e\000k\000t\000u}{}% 20
\BOOKMARK [1][-]{section.3.1}{\376\377\000T\000e\000c\000h\000n\000o\000l\000o\000g\000i\000e\000\040\000w\000y\000k\000o\000r\000z\000y\000s\000t\000a\000n\000e\000\040\000w\000\040\000p\000r\000o\000j\000e\000k\000c\000i\000e}{chapter.3}% 21
\BOOKMARK [1][-]{section.3.2}{\376\377\000S\000t\000r\000u\000k\000t\000u\000r\000a\000\040\000k\000a\000t\000a\000l\000o\000g\000\363\000w\000\040\000i\000\040\000p\000l\000i\000k\000\363\000w}{chapter.3}% 22
\BOOKMARK [1][-]{section.3.3}{\376\377\000A\000r\000c\000h\000i\000t\000e\000k\000t\000u\000r\000a\000\040\000a\000p\000l\000i\000k\000a\000c\000j\000i\000\040\000i\000\040\000h\000i\000e\000r\000a\000r\000c\000h\000i\000a\000\040\000k\000l\000a\000s}{chapter.3}% 23
\BOOKMARK [2][-]{subsection.3.3.1}{\376\377\000A\000r\000c\000h\000i\000t\000e\000k\000t\000u\000r\000a\000\040\000s\000y\000s\000t\000e\000m\000u}{section.3.3}% 24
\BOOKMARK [2][-]{subsection.3.3.2}{\376\377\000H\000i\000e\000r\000a\000r\000c\000h\000i\000a\000\040\000p\000a\000k\000i\000e\000t\000\363\000w}{section.3.3}% 25
\BOOKMARK [2][-]{subsection.3.3.3}{\376\377\000P\000r\000z\000e\000p\001\102\000y\000w\000\040\000d\000a\000n\000y\000c\000h\000\040\000w\000\040\000a\000p\000l\000i\000k\000a\000c\000j\000i}{section.3.3}% 26
\BOOKMARK [2][-]{subsection.3.3.4}{\376\377\000W\000y\000b\000r\000a\000n\000e\000\040\000k\000l\000a\000s\000y\000\040\000i\000\040\000i\000c\000h\000\040\000o\000d\000p\000o\000w\000i\000e\000d\000z\000i\000a\000l\000n\000o\001\133\000c\000i}{section.3.3}% 27
\BOOKMARK [2][-]{subsection.3.3.5}{\376\377\000Z\000a\000s\000a\000d\000a\000\040\000p\000o\000j\000e\000d\000y\000n\000c\000z\000e\000j\000\040\000o\000d\000p\000o\000w\000i\000e\000d\000z\000i\000a\000l\000n\000o\001\133\000c\000i\000\040\000\050\000S\000R\000P\000\051}{section.3.3}% 28
\BOOKMARK [2][-]{subsection.3.3.6}{\376\377\000W\000a\000l\000i\000d\000a\000c\000j\000a\000\040\000d\000a\000n\000y\000c\000h}{section.3.3}% 29
\BOOKMARK [2][-]{subsection.3.3.7}{\376\377\000D\000i\000a\000g\000r\000a\000m\000\040\000U\000M\000L}{section.3.3}% 30
\BOOKMARK [1][-]{section.3.4}{\376\377\000P\000a\000k\000i\000e\000t\000\040\000r\000e\000s\000o\000u\000r\000c\000e\000s\000\040\000-\000\040\000w\000i\000d\000o\000k\000i\000\040\000g\000r\000a\000f\000i\000c\000z\000n\000e\000\040\000i\000\040\000z\000a\000s\000o\000b\000y\000\040\000p\000o\000m\000o\000c\000n\000i\000c\000z\000e}{chapter.3}% 31
\BOOKMARK [2][-]{subsection.3.4.1}{\376\377\000P\000l\000i\000k\000i\000\040\000F\000X\000M\000L\000\040\000-\000\040\000d\000e\000f\000i\000n\000i\000c\000j\000e\000\040\000w\000i\000d\000o\000k\000\363\000w}{section.3.4}% 32
\BOOKMARK [2][-]{subsection.3.4.2}{\376\377\000P\000o\000z\000o\000s\000t\000a\001\102\000e\000\040\000z\000a\000s\000o\000b\000y}{section.3.4}% 33
\BOOKMARK [1][-]{section.3.5}{\376\377\000Z\000a\000r\000z\001\005\000d\000z\000a\000n\000i\000e\000\040\000d\000a\000n\000y\000m\000i\000\040\000i\000\040\000b\000a\000z\001\005\000\040\000d\000a\000n\000y\000c\000h}{chapter.3}% 34
\BOOKMARK [2][-]{subsection.3.5.1}{\376\377\000S\000t\000r\000u\000k\000t\000u\000r\000a\000\040\000e\000n\000c\000j\000i\000\040\000i\000\040\000r\000e\000l\000a\000c\000j\000e}{section.3.5}% 35
\BOOKMARK [2][-]{subsection.3.5.2}{\376\377\000O\000p\000i\000s\000\040\000p\000r\000z\000y\000k\001\102\000a\000d\000o\000w\000y\000c\000h\000\040\000t\000a\000b\000e\000l}{section.3.5}% 36
\BOOKMARK [2][-]{subsection.3.5.3}{\376\377\000R\000e\000l\000a\000c\000j\000e\000\040\000m\000i\001\031\000d\000z\000y\000\040\000t\000a\000b\000e\000l\000a\000m\000i}{section.3.5}% 37
\BOOKMARK [2][-]{subsection.3.5.4}{\376\377\000P\000o\000d\000s\000u\000m\000o\000w\000a\000n\000i\000e}{section.3.5}% 38
\BOOKMARK [0][-]{chapter.4}{\376\377\000H\000a\000r\000m\000o\000n\000o\000g\000r\000a\000m\000\040\000r\000e\000a\000l\000i\000z\000a\000c\000j\000i\000\040\000p\000r\000o\000j\000e\000k\000t\000u}{}% 39
\BOOKMARK [1][-]{section.4.1}{\376\377\000E\000t\000a\000p\000y\000\040\000r\000e\000a\000l\000i\000z\000a\000c\000j\000i\000\040\000o\000r\000a\000z\000\040\000w\000y\000k\000r\000e\000s\000\040\000G\000a\000n\000t\000t\000a}{chapter.4}% 40
\BOOKMARK [1][-]{section.4.2}{\376\377\000S\000y\000s\000t\000e\000m\000\040\000k\000o\000n\000t\000r\000o\000l\000i\000\040\000w\000e\000r\000s\000j\000i\000\040\000i\000\040\000r\000e\000p\000o\000z\000y\000t\000o\000r\000i\000u\000m\000\040\000p\000r\000o\000j\000e\000k\000t\000u}{chapter.4}% 41
\BOOKMARK [0][-]{chapter.5}{\376\377\000P\000r\000e\000z\000e\000n\000t\000a\000c\000j\000a\000\040\000w\000a\000r\000s\000t\000w\000y\000\040\000u\001\174\000y\000t\000k\000o\000w\000e\000j\000\040\000p\000r\000o\000j\000e\000k\000t\000u}{}% 42
\BOOKMARK [1][-]{section.5.1}{\376\377\000O\000p\000i\000s\000\040\000s\000z\000a\000t\000y\000\040\000g\000r\000a\000f\000i\000c\000z\000n\000e\000j}{chapter.5}% 43
\BOOKMARK [1][-]{section.5.2}{\376\377\000P\000r\000e\000z\000e\000n\000t\000a\000c\000j\000a\000\040\000g\001\102\000\363\000w\000n\000y\000c\000h\000\040\000w\000i\000d\000o\000k\000\363\000w\000\040\000i\000n\000t\000e\000r\000f\000e\000j\000s\000u\000\040\000u\001\174\000y\000t\000k\000o\000w\000n\000i\000k\000a}{chapter.5}% 44
\BOOKMARK [2][-]{subsection.5.2.1}{\376\377\000O\000k\000n\000o\000\040\000l\000o\000g\000o\000w\000a\000n\000i\000a}{section.5.2}% 45
\BOOKMARK [2][-]{subsection.5.2.2}{\376\377\000G\001\102\000\363\000w\000n\000e\000\040\000o\000k\000n\000o\000\040\000i\000n\000t\000e\000r\000f\000e\000j\000s\000u}{section.5.2}% 46
\BOOKMARK [2][-]{subsection.5.2.3}{\376\377\000O\000k\000n\000o\000\040\000z\000a\000r\000z\001\005\000d\000z\000a\000n\000i\000a\000\040\000s\000a\000m\000o\000c\000h\000o\000d\000a\000m\000i}{section.5.2}% 47
\BOOKMARK [2][-]{subsection.5.2.4}{\376\377\000O\000k\000n\000o\000\040\000z\000a\000r\000z\001\005\000d\000z\000a\000n\000i\000a\000\040\000k\000l\000i\000e\000n\000t\000a\000m\000i}{section.5.2}% 48
\BOOKMARK [2][-]{subsection.5.2.5}{\376\377\000O\000k\000n\000o\000\040\000z\000a\000r\000z\001\005\000d\000z\000a\000n\000i\000a\000\040\000p\000r\000z\000y\000j\001\031\000c\000i\000a\000m\000i}{section.5.2}% 49
\BOOKMARK [2][-]{subsection.5.2.6}{\376\377\000O\000k\000n\000o\000\040\000z\000a\000r\000z\001\005\000d\000z\000a\000n\000i\000a\000\040\000c\000z\001\031\001\133\000c\000i\000a\000m\000i}{section.5.2}% 50
\BOOKMARK [2][-]{subsection.5.2.7}{\376\377\000O\000k\000n\000o\000\040\000z\000a\000r\000z\001\005\000d\000z\000a\000n\000i\000a\000\040\000w\000i\000z\000y\000t\000a\000m\000i}{section.5.2}% 51
\BOOKMARK [2][-]{subsection.5.2.8}{\376\377\000O\000k\000n\000o\000\040\000z\000a\000r\000z\001\005\000d\000z\000a\000n\000i\000a\000\040\000p\000r\000a\000c\000o\000w\000n\000i\000k\000a\000m\000i}{section.5.2}% 52
\BOOKMARK [2][-]{subsection.5.2.9}{\376\377\000O\000k\000n\000o\000\040\000z\000a\000r\000z\001\005\000d\000z\000a\000n\000i\000a\000\040\000u\000s\001\102\000u\000g\000a\000m\000i}{section.5.2}% 53
\BOOKMARK [2][-]{subsection.5.2.10}{\376\377\000O\000k\000n\000o\000\040\000w\000y\001\133\000w\000i\000e\000t\000l\000a\000n\000i\000a\000\040\000i\000n\000f\000o\000r\000m\000a\000c\000j\000i\000\040\000o\000\040\000a\000p\000l\000i\000k\000a\000c\000j\000i}{section.5.2}% 54
\BOOKMARK [1][-]{section.5.3}{\376\377\000M\000e\000c\000h\000a\000n\000i\000z\000m\000\040\000a\000l\000e\000r\000t\000\363\000w\000\040\000s\000y\000s\000t\000e\000m\000o\000w\000y\000c\000h}{chapter.5}% 55
\BOOKMARK [0][-]{chapter.6}{\376\377\000P\000o\000d\000s\000u\000m\000o\000w\000a\000n\000i\000e\000\040}{}% 56
\BOOKMARK [0][-]{chapter.7}{\376\377\000I\000n\000s\000t\000r\000u\000k\000c\000j\000a\000\040\000u\000r\000u\000c\000h\000o\000m\000i\000e\000n\000i\000a\000\040\000a\000p\000l\000i\000k\000a\000c\000j\000i\000\040\000R\000E\000P\000A\000I\000R\000O}{}% 57
\BOOKMARK [1][-]{subsection.7.0.1}{\376\377\000W\000y\000m\000a\000g\000a\000n\000i\000a\000\040\001\133\000r\000o\000d\000o\000w\000i\000s\000k\000o\000w\000e}{chapter.7}% 58
\BOOKMARK [2][-]{subsection.7.0.2}{\376\377\000B\000a\000z\000a\000\040\000d\000a\000n\000y\000c\000h}{subsection.7.0.1}% 59
\BOOKMARK [2][-]{subsection.7.0.3}{\376\377\000K\000o\000n\000f\000i\000g\000u\000r\000a\000c\000j\000a\000\040\000p\000o\001\102\001\005\000c\000z\000e\000n\000i\000a\000\040\000z\000\040\000b\000a\000z\001\005\000\040\000d\000a\000n\000y\000c\000h}{subsection.7.0.1}% 60
\BOOKMARK [2][-]{subsection.7.0.4}{\376\377\000K\000r\000o\000k\000i\000\040\000u\000r\000u\000c\000h\000o\000m\000i\000e\000n\000i\000a\000\040\000a\000p\000l\000i\000k\000a\000c\000j\000i\000\040\000R\000E\000P\000A\000I\000R\000O}{subsection.7.0.1}% 61
\BOOKMARK [2][-]{subsection.7.0.5}{\376\377\000D\000a\000n\000e\000\040\000t\000e\000s\000t\000o\000w\000e\000\040\000\050\000l\000o\000g\000o\000w\000a\000n\000i\000e\000\051}{subsection.7.0.1}% 62
\BOOKMARK [1][-]{subsection.7.0.5}{\376\377\000S\000p\000i\000s\000\040\000r\000y\000s\000u\000n\000k\000\363\000w}{chapter.7}% 63
\BOOKMARK [1][-]{subsection.7.0.5}{\376\377\000S\000p\000i\000s\000\040\000t\000a\000b\000e\000l}{chapter.7}% 64
\BOOKMARK [1][-]{section*.21}{\376\377\000O\001\133\000w\000i\000a\000d\000c\000z\000e\000n\000i\000e\000\040\000s\000t\000u\000d\000e\000n\000t\000a\000\040\000o\000\040\000s\000a\000m\000o\000d\000z\000i\000e\000l\000n\000o\001\133\000c\000i\000\040\000p\000r\000a\000c\000y}{chapter.7}% 65
